build.sh	100644	02f3885b19368ee6e3d8d4d86e64a189af1e5380805ac4d2d135b9885efd6a98	0	899
deploy/deploy.sh	100644	adf3e7cecd86103496babc724192907c25408af238d5644ee63e00716715e3a9	0	2596
deploy/stampd.service	100644	1dc90516e1750202366e58d459cbc414e4628000654db118b30267aebb400bc3	0	261
docs/coverage.md	100644	fd9c8ca8ddacf31873a5465942b486de862d45497a23556ff5fdd1c8d2d9c63a	0	2977
framework/machweb.src	100644	de1ab87ee89a723fd39eb6ead34e46ca826f2acb24d0cff5183775d7a2bc095d	0	28309
framework/smtp.src	100644	0ad47acfa53f6019e5b6c2333313c3a93baab443081a60e536e54ab859524095	0	11794
.gitignore	100644	4159d450f4f8a63fc9dc8c2cbdaaffc671cc515ff6179a99fafa43cf1620142c	0	77
LICENSE	100644	48121e557955efe903b74d72aa85c49b340a5ef423e43d7c890f5ca6dc6329e6	0	1063
README.md	100644	504272dc646adccb588ed356db64c515ab8607df9ffc7eb5f4705f5c635286c1	0	5886
src/assets.src	100644	1a23428d5536734781506072165a2928053d192bef1aaca37074503e4348f205	0	14540
src/cli.src	100644	4dd1bc601d84a9e81576c24d3ac9c588b41880c31aa60f628e8ab84a72f18fc6	0	10998
src/core.src	100644	74b40530e5cfcd49a7564c742ec1e7deb4768957d1b1d9619b9765a5afddd3b9	0	5096
src/sdlt.src	100644	890c3fcf928794e28bfe9d9d39ba08d8da465d7dcfdd8cc18020b4a102bcf63d	0	6867
src/server.src	100644	fa2da3db32183947acd296cae37aae1c658c7e5d428454d3ce98a9c5bc89e0a1	0	22995
src/store.src	100644	5a7e33869b1679dabc361cb3ef904a84717a140ec9f40ade3951d25ab92cc463	0	3991
stampd	100644	8a7ffb70258f4b8326dc0990c3dcd4c3c3cd1546d00d43411f60f93f5f1f57b0	0	124944
stampd.db	100644	30e0e437b832eb93ff2f4ec24ffd1c4e06ca640c7e7cb331bcfedd2528400972	0	12288
test/core_test.src	100644	709da6130dd7b1f71e1355ccf1b31eed64df1f297e900acd161ce49d8c925066	0	3771
test/functional.sh	100644	48fc5a05c00927a4c3c6aa0b4569b8a96ae3fb462d78c2ed06d5258e1d74fbbb	0	4436
test/sdlt_test.src	100644	dd8e9973bf84e3e90274463a8277e7973fe30069428dbb0fc06da19e68070f8f	0	6886
test.sh	100644	253436cd560cea16ded555cef4d664b4e3df4070cb74f3fb9445648c581485d8	0	720
test/store_test.src	100644	bd759e1a96ff637438107993f3d404f5736af3e635829c3e19c5c8ffaf941ce9	0	2900
web/index.html	100644	60204cab170867e50cbcfdc619d6974662295ba766d871246719809cb5e8fbfc	0	13757